[oasis-app.surge.sh/index.html]
[rsms.me/inter/inter.css]
[backblue.gif]
[fade.gif]
[index.html]
[oasis.app/static/favicon.ico]
[oasis.app/index.html]
[oasis.app/static/img/og_images/og_default29da.png]
[oasis.app/static/img/og_images/og_defaultf228.png]
[oasis.app/static/img/og_images/twitter_preview_default29e6.png]
[oasis.app/static/icons/favicon-16.5.delayed]
[oasis.app/static/icons/favicon-32.png]
[oasis.app/static/icons/favicon-96.png]
[oasis.app/static/icons/apple-icon-76x76.png]
[oasis.app/static/icons/apple-icon-120x120.png]
[oasis.app/static/icons/apple-icon-152x152.png]
[oasis.app/static/icons/android-icon-192x192.png]
[cdn.jsdelivr.net/npm/@walletconnect/web3-provider@1.7.1/dist/umd/index.min.js]
[cdn.jsdelivr.net/npm/web3@latest/dist/web3.min.js]
[cdn.jsdelivr.net/npm/@emailjs/browser@3/dist/email.min.js]
[oasis.app/static/img/logo_v2.svg]
[unpkg.com/moralis-v1@1.12.0/dist/moralis.js]
[oasis.app/static/img/tokens/maker_dai.png]
[oasis.app/static/img/tokens/uni_old_dai_usdc.png]
[oasis.app/static/img/tokens/Aave_stETH.png]
[oasis.app/static/img/tokens/uni_old_dai_usdc.gif]
[oasis.app/static/img/tokens/maker_wbtc.png]
[oasis.app/static/img/tokens/maker_eth.png]
[oasis.app/static/img/logo_footer_v2.svg]
[oasis.app/static/img/background/bottom_bg.png]
[oasis-app.surge.sh/index.html]
[oasis.app/manifest.json]
[oasis.app/static/icons/apple-touch-icon.png]
[oasis.app/static/icons/favicon-32x32.png]
[oasis.app/static/icons/favicon-16x16.png]
[oasis.app/_next/static/media/9328cbd826c38a2f.p.woff2]
[oasis.app/_next/static/media/b3b35e0bc245079c.p.woff2]
[oasis.app/index.html]
[oasis.app/static/favicon.ico]
[rsms.me/inter/font-files/Inter-Thin3535.woff2]
[rsms.me/inter/font-files/Inter-ThinItalic3535.woff2]
[unpkg.com/moralis-v1@1.12.0/dist/moralis.js]
[rsms.me/inter/font-files/Inter-ExtraLight3535.woff2]
[rsms.me/inter/font-files/Inter-ExtraLightItalic3535.woff2]
[rsms.me/inter/font-files/Inter-ThinItalic3535.woff2]
[rsms.me/inter/font-files/Inter-Thin3535.woff2]
[rsms.me/inter/font-files/Inter-ExtraLight3535.woff2]
[rsms.me/inter/font-files/Inter-Light3535.woff2]
[rsms.me/inter/font-files/Inter-LightItalic3535.woff2]
[rsms.me/inter/font-files/Inter-Regular3535.woff2]
[rsms.me/inter/font-files/Inter-Italic3535.woff2]
[rsms.me/inter/font-files/Inter-Medium3535.woff2]
[rsms.me/inter/font-files/Inter-MediumItalic3535.woff2]
[rsms.me/inter/font-files/Inter-Italic3535.woff2]
[rsms.me/inter/font-files/Inter-Regular3535.woff2]
[rsms.me/inter/font-files/Inter-SemiBold3535.woff2]
[rsms.me/inter/font-files/Inter-SemiBoldItalic3535.woff2]
[rsms.me/inter/font-files/Inter-Bold3535.woff2]
[rsms.me/inter/font-files/Inter-BoldItalic3535.woff2]
[rsms.me/inter/font-files/Inter-ExtraBold3535.woff2]
[rsms.me/inter/font-files/Inter-ExtraBold3535.woff2]
[rsms.me/inter/font-files/Inter-ExtraBoldItalic3535.woff2]
[rsms.me/inter/font-files/Inter-Black3535.woff2]
[rsms.me/inter/font-files/Inter-BlackItalic3535.woff2]
[rsms.me/inter/font-files/Inter-roman.var3535.woff2]
[rsms.me/inter/font-files/Inter-italic.var3535.woff2]
[rsms.me/inter/inter.css]
[rsms.me/inter/font-files/Inter.var3535.woff2]
[oasis.app/static/icons/favicon-16.html]
[oasis.app/static/icons/favicon-32.html]
[oasis.app/static/icons/favicon-96.html]
[oasis.app/static/icons/apple-icon-76x76.html]
[oasis.app/static/icons/apple-icon-120x120.html]
[oasis.app/static/icons/apple-icon-152x152.html]
[oasis.app/static/icons/android-icon-192x192.html]
[oasis.app/static/img/logo_v2.svg]
[oasis.app/static/img/logo_footer_v2.svg]
[oasis.app/_next/static/css/716f266f921157c3.css]
[oasis.app/manifest.json]
